This is pdfTeX, Version 3.141592653-2.6-1.40.29 (MiKTeX 26.5) (preloaded format=pdflatex.fmt)
 \write18 enabled.
entering extended mode
(diploma-predloga.tex
LaTeX2e <2026-06-01>
L3 programming layer <2026-05-26>

(C:\Users\nikka\AppData\Local\Programs\MiKTeX\tex/latex/latex-lab\documentmetad
ata-support.ltx
(C:\Users\nikka\AppData\Local\Programs\MiKTeX\tex/latex/pdfmanagement\pdfmanage
ment-init.sty
(C:\Users\nikka\AppData\Local\Programs\MiKTeX\tex/latex/tagpdf\tagpdf-base.sty)

(C:\Users\nikka\AppData\Local\Programs\MiKTeX\tex/latex/pdfmanagement\pdfmanage
ment.ltx)))
(C:\Users\nikka\AppData\Local\Programs\MiKTeX\tex/latex/l3backend\l3backend-pdf
tex.def)
(C:\Users\nikka\AppData\Local\Programs\MiKTeX\tex/latex/pdfmanagement\l3backend
-testphase-pdftex.def)
(C:\Users\nikka\AppData\Local\Programs\MiKTeX\tex/latex/latex-lab\latex-lab-tes
tphase-latest.sty
(C:\Users\nikka\AppData\Local\Programs\MiKTeX\tex/latex/tagpdf\tagpdf.sty
(C:\Users\nikka\AppData\Local\Programs\MiKTeX\tex/latex/tagpdf\tagpdf-mc-code-g
eneric.sty))
(C:\Users\nikka\AppData\Local\Programs\MiKTeX\tex/latex/latex-lab\latex-lab-tes
tphase-names.sty)
(C:\Users\nikka\AppData\Local\Programs\MiKTeX\tex/latex/latex-lab\latex-lab-tes
tphase-new-or-2.sty
(C:\Users\nikka\AppData\Local\Programs\MiKTeX\tex/latex/latex-lab\latex-lab-foo
tnotes.ltx))
(C:\Users\nikka\AppData\Local\Programs\MiKTeX\tex/latex/latex-lab\latex-lab-tes
tphase-block.sty
(C:\Users\nikka\AppData\Local\Programs\MiKTeX\tex/latex/latex-lab\latex-lab-enu
mitem.sty))
(C:\Users\nikka\AppData\Local\Programs\MiKTeX\tex/latex/latex-lab\latex-lab-tes
tphase-context.sty)
(C:\Users\nikka\AppData\Local\Programs\MiKTeX\tex/latex/latex-lab\latex-lab-ker
nel-changes.sty)
(C:\Users\nikka\AppData\Local\Programs\MiKTeX\tex/latex/latex-lab\latex-lab-tes
tphase-sec.sty)
(C:\Users\nikka\AppData\Local\Programs\MiKTeX\tex/latex/latex-lab\latex-lab-tes
tphase-sec-template.sty)
(C:\Users\nikka\AppData\Local\Programs\MiKTeX\tex/latex/latex-lab\latex-lab-tes
tphase-toc.sty)
(C:\Users\nikka\AppData\Local\Programs\MiKTeX\tex/latex/latex-lab\latex-lab-tes
tphase-minipage.sty)
(C:\Users\nikka\AppData\Local\Programs\MiKTeX\tex/latex/latex-lab\latex-lab-tes
tphase-graphic.sty)
(C:\Users\nikka\AppData\Local\Programs\MiKTeX\tex/latex/latex-lab\latex-lab-tes
tphase-float.sty)
(C:\Users\nikka\AppData\Local\Programs\MiKTeX\tex/latex/latex-lab\latex-lab-tes
tphase-bib.sty)
(C:\Users\nikka\AppData\Local\Programs\MiKTeX\tex/latex/latex-lab\latex-lab-tes
tphase-text.sty)
(C:\Users\nikka\AppData\Local\Programs\MiKTeX\tex/latex/latex-lab\latex-lab-tes
tphase-marginpar.sty)
(C:\Users\nikka\AppData\Local\Programs\MiKTeX\tex/latex/latex-lab\latex-lab-tes
tphase-title.sty)
(C:\Users\nikka\AppData\Local\Programs\MiKTeX\tex/latex/latex-lab\latex-lab-tes
tphase-table.sty
(C:\Users\nikka\AppData\Local\Programs\MiKTeX\tex/latex/tools\array.sty))
(C:\Users\nikka\AppData\Local\Programs\MiKTeX\tex/latex/latex-lab\latex-lab-tes
tphase-math.sty
(C:\Users\nikka\AppData\Local\Programs\MiKTeX\tex/latex/latex-lab\latex-lab-mat
h.ltx)
(C:\Users\nikka\AppData\Local\Programs\MiKTeX\tex/latex/latex-lab\latex-lab-mat
hpkg.ltx)
(C:\Users\nikka\AppData\Local\Programs\MiKTeX\tex/latex/latex-lab\latex-lab-mat
hintent.ltx))
(C:\Users\nikka\AppData\Local\Programs\MiKTeX\tex/latex/latex-lab\latex-lab-tes
tphase-firstaid.sty)
(C:\Users\nikka\AppData\Local\Programs\MiKTeX\tex/latex/latex-lab\latex-lab-tes
tphase-tikz.sty))
(C:\Users\nikka\AppData\Local\Programs\MiKTeX\tex/latex/pdfmanagement\pdfmanage
ment-firstaid.sty)
(C:\Users\nikka\AppData\Local\Programs\MiKTeX\tex/latex/base\book.cls
Document Class: book 2025/01/22 v1.4n Standard LaTeX document class
(C:\Users\nikka\AppData\Local\Programs\MiKTeX\tex/latex/base\bk12.clo))
(podporno/preambula.tex
(C:\Users\nikka\AppData\Local\Programs\MiKTeX\tex/latex/base\fontenc.sty)
(C:\Users\nikka\AppData\Local\Programs\MiKTeX\tex/latex/base\inputenc.sty)
(C:\Users\nikka\AppData\Local\Programs\MiKTeX\tex/generic/babel\babel.sty
(C:\Users\nikka\AppData\Local\Programs\MiKTeX\tex/generic/babel\txtbabel.def)
*************************************
* Local config file bblopts.cfg used
*
(C:\Users\nikka\AppData\Local\Programs\MiKTeX\tex/latex/arabi\bblopts.cfg)
(C:\Users\nikka\AppData\Local\Programs\MiKTeX\tex/generic/babel/locale/sl\babel
-slovene.tex)
(C:\Users\nikka\AppData\Local\Programs\MiKTeX\tex/generic/babel/locale/en\babel
-american.tex)
(C:\Users\nikka\AppData\Local\Programs\MiKTeX\tex/latex/babel-slovenian\sloveni
an.ldf)
(C:\Users\nikka\AppData\Local\Programs\MiKTeX\tex/latex/babel-english\american.
ldf
(C:\Users\nikka\AppData\Local\Programs\MiKTeX\tex/latex/babel-english\english.l
df)))
(C:\Users\nikka\AppData\Local\Programs\MiKTeX\tex/latex/microtype\microtype.sty
(C:\Users\nikka\AppData\Local\Programs\MiKTeX\tex/latex/graphics\keyval.sty)
(C:\Users\nikka\AppData\Local\Programs\MiKTeX\tex/latex/etoolbox\etoolbox.sty)
(C:\Users\nikka\AppData\Local\Programs\MiKTeX\tex/latex/microtype\microtype-pdf
tex.def)
(C:\Users\nikka\AppData\Local\Programs\MiKTeX\tex/latex/microtype\microtype.cfg
))
(C:\Users\nikka\AppData\Local\Programs\MiKTeX\tex/latex/graphics\graphicx.sty
(C:\Users\nikka\AppData\Local\Programs\MiKTeX\tex/latex/graphics\graphics.sty
(C:\Users\nikka\AppData\Local\Programs\MiKTeX\tex/latex/graphics\trig.sty)
(C:\Users\nikka\AppData\Local\Programs\MiKTeX\tex/latex/graphics-cfg\graphics.c
fg)
(C:\Users\nikka\AppData\Local\Programs\MiKTeX\tex/latex/graphics-def\pdftex.def
)))
(C:\Users\nikka\AppData\Local\Programs\MiKTeX\tex/latex/fancyhdr\fancyhdr.sty)
(C:\Users\nikka\AppData\Local\Programs\MiKTeX\tex/latex/amsfonts\amssymb.sty
(C:\Users\nikka\AppData\Local\Programs\MiKTeX\tex/latex/amsfonts\amsfonts.sty))
 (C:\Users\nikka\AppData\Local\Programs\MiKTeX\tex/latex/amsmath\amsmath.sty
For additional information on amsmath, use the `?' option.
(C:\Users\nikka\AppData\Local\Programs\MiKTeX\tex/latex/amsmath\amstext.sty
(C:\Users\nikka\AppData\Local\Programs\MiKTeX\tex/latex/amsmath\amsgen.sty))
(C:\Users\nikka\AppData\Local\Programs\MiKTeX\tex/latex/amsmath\amsbsy.sty)
(C:\Users\nikka\AppData\Local\Programs\MiKTeX\tex/latex/amsmath\amsopn.sty))
(C:\Users\nikka\AppData\Local\Programs\MiKTeX\tex/latex/latex-lab\latex-lab-ams
math.ltx) (C:\Users\nikka\AppData\Local\Programs\MiKTeX\tex/latex/url\url.sty)
(C:\Users\nikka\AppData\Local\Programs\MiKTeX\tex/latex/pdfmanagement\color-ltx
.sty
(C:\Users\nikka\AppData\Local\Programs\MiKTeX\tex/latex/graphics-cfg\color.cfg)
(C:\Users\nikka\AppData\Local\Programs\MiKTeX\tex/latex/graphics\mathcolor.ltx)
) (C:\Users\nikka\AppData\Local\Programs\MiKTeX\tex/generic/soul\soul.sty
(C:\Users\nikka\AppData\Local\Programs\MiKTeX\tex/generic/soul\soul-ori.sty)
(C:\Users\nikka\AppData\Local\Programs\MiKTeX\tex/generic/infwarerr\infwarerr.s
ty)
(C:\Users\nikka\AppData\Local\Programs\MiKTeX\tex/generic/etexcmds\etexcmds.sty
(C:\Users\nikka\AppData\Local\Programs\MiKTeX\tex/generic/iftex\iftex.sty)))
(C:\Users\nikka\AppData\Local\Programs\MiKTeX\tex/latex/caption\subcaption.sty
(C:\Users\nikka\AppData\Local\Programs\MiKTeX\tex/latex/caption\caption.sty
(C:\Users\nikka\AppData\Local\Programs\MiKTeX\tex/latex/caption\caption3.sty)))

(C:\Users\nikka\AppData\Local\Programs\MiKTeX\tex/latex/algorithms\algorithm.st
y (C:\Users\nikka\AppData\Local\Programs\MiKTeX\tex/latex/float\float.sty)
(C:\Users\nikka\AppData\Local\Programs\MiKTeX\tex/latex/base\ifthen.sty))
(C:\Users\nikka\AppData\Local\Programs\MiKTeX\tex/latex/algorithmicx\algpseudoc
ode.sty
(C:\Users\nikka\AppData\Local\Programs\MiKTeX\tex/latex/algorithmicx\algorithmi
cx.sty
Document Style algorithmicx 1.2 - a greatly improved `algorithmic' style
)
Document Style - pseudocode environments for use with the `algorithmicx' style
) (C:\Users\nikka\AppData\Local\Programs\MiKTeX\tex/latex/booktabs\booktabs.sty
) (C:\Users\nikka\AppData\Local\Programs\MiKTeX\tex/latex/tools\tabularx.sty)
(C:\Users\nikka\AppData\Local\Programs\MiKTeX\tex/latex/biblatex\biblatex.sty
(C:\Users\nikka\AppData\Local\Programs\MiKTeX\tex/generic/pdftexcmds\pdftexcmds
.sty
(C:\Users\nikka\AppData\Local\Programs\MiKTeX\tex/generic/ltxcmds\ltxcmds.sty))

(C:\Users\nikka\AppData\Local\Programs\MiKTeX\tex/latex/kvoptions\kvoptions.sty

(C:\Users\nikka\AppData\Local\Programs\MiKTeX\tex/latex/kvsetkeys\kvsetkeys.sty
)) (C:\Users\nikka\AppData\Local\Programs\MiKTeX\tex/latex/logreq\logreq.sty
(C:\Users\nikka\AppData\Local\Programs\MiKTeX\tex/latex/logreq\logreq.def))
(C:\Users\nikka\AppData\Local\Programs\MiKTeX\tex/latex/biblatex\blx-dm.def)
(C:\Users\nikka\AppData\Local\Programs\MiKTeX\tex/latex/biblatex\blx-compat.def
) (C:\Users\nikka\AppData\Local\Programs\MiKTeX\tex/latex/biblatex\biblatex.def
)
(C:\Users\nikka\AppData\Local\Programs\MiKTeX\tex/latex/biblatex/bbx\numeric.bb
x
(C:\Users\nikka\AppData\Local\Programs\MiKTeX\tex/latex/biblatex/bbx\standard.b
bx))
(C:\Users\nikka\AppData\Local\Programs\MiKTeX\tex/latex/biblatex/cbx\numeric.cb
x)
(C:\Users\nikka\AppData\Local\Programs\MiKTeX\tex/latex/biblatex\biblatex.cfg)
(C:\Users\nikka\AppData\Local\Programs\MiKTeX\tex/latex/l3kernel\expl3.sty)
(C:\Users\nikka\AppData\Local\Programs\MiKTeX\tex/latex/biblatex\blx-case-expl3
.sty
(C:\Users\nikka\AppData\Local\Programs\MiKTeX\tex/latex/l3packages/xparse\xpars
e.sty)))
(C:\Users\nikka\AppData\Local\Programs\MiKTeX\tex/latex/siunitx\siunitx.sty
(C:\Users\nikka\AppData\Local\Programs\MiKTeX\tex/latex/translations\translatio
ns.sty))
(C:\Users\nikka\AppData\Local\Programs\MiKTeX\tex/latex/hyperref\hyperref.sty
(C:\Users\nikka\AppData\Local\Programs\MiKTeX\tex/generic/kvdefinekeys\kvdefine
keys.sty)
(C:\Users\nikka\AppData\Local\Programs\MiKTeX\tex/generic/pdfescape\pdfescape.s
ty) (C:\Users\nikka\AppData\Local\Programs\MiKTeX\tex/latex/hycolor\hycolor.sty
) (C:\Users\nikka\AppData\Local\Programs\MiKTeX\tex/latex/hyperref\nameref.sty
(C:\Users\nikka\AppData\Local\Programs\MiKTeX\tex/latex/refcount\refcount.sty)
(C:\Users\nikka\AppData\Local\Programs\MiKTeX\tex/generic/gettitlestring\gettit
lestring.sty))
(C:\Users\nikka\AppData\Local\Programs\MiKTeX\tex/generic/stringenc\stringenc.s
ty) (C:\Users\nikka\AppData\Local\Programs\MiKTeX\tex/latex/hyperref\pd1enc.def
) (C:\Users\nikka\AppData\Local\Programs\MiKTeX\tex/generic/intcalc\intcalc.sty
) (C:\Users\nikka\AppData\Local\Programs\MiKTeX\tex/latex/hyperref\puenc.def)
(C:\Users\nikka\AppData\Local\Programs\MiKTeX\tex/generic/bitset\bitset.sty
(C:\Users\nikka\AppData\Local\Programs\MiKTeX\tex/generic/bigintcalc\bigintcalc
.sty)))
(C:\Users\nikka\AppData\Local\Programs\MiKTeX\tex/latex/pdfmanagement\hgeneric-
testphase.def
(C:\Users\nikka\AppData\Local\Programs\MiKTeX\tex/latex/pdfmanagement\hyperref-
colorschemes.def)
(C:\Users\nikka\AppData\Local\Programs\MiKTeX\tex/latex/bookmark\bookmark.sty
(C:\Users\nikka\AppData\Local\Programs\MiKTeX\tex/latex/bookmark\bkm-pdftex.def
))) (C:\Users\nikka\AppData\Local\Programs\MiKTeX\tex/latex/xmpincl\xmpincl.sty
(C:\Users\nikka\AppData\Local\Programs\MiKTeX\tex/generic/iftex\ifpdf.sty))
(C:\Users\nikka\AppData\Local\Programs\MiKTeX\tex/latex/minted\minted.sty
(C:\Users\nikka\AppData\Local\Programs\MiKTeX\tex/generic/catchfile\catchfile.s
ty) (C:\Users\nikka\AppData\Local\Programs\MiKTeX\tex/latex/fvextra\fvextra.sty
(C:\Users\nikka\AppData\Local\Programs\MiKTeX\tex/latex/fancyvrb\fancyvrb.sty)
(C:\Users\nikka\AppData\Local\Programs\MiKTeX\tex/latex/upquote\upquote.sty
(C:\Users\nikka\AppData\Local\Programs\MiKTeX\tex/latex/base\textcomp.sty))
(C:\Users\nikka\AppData\Local\Programs\MiKTeX\tex/latex/lineno\lineno.sty))
(C:\Users\nikka\AppData\Local\Programs\MiKTeX\tex/latex/latex2pydata\latex2pyda
ta.sty)
(C:\Users\nikka\AppData\Local\Programs\MiKTeX\tex/latex/pgf/utilities\pgfkeys.s
ty
(C:\Users\nikka\AppData\Local\Programs\MiKTeX\tex/generic/pgf/utilities\pgfkeys
.code.tex
(C:\Users\nikka\AppData\Local\Programs\MiKTeX\tex/generic/pgf/utilities\pgfkeys
libraryfiltered.code.tex)))
(C:\Users\nikka\AppData\Local\Programs\MiKTeX\tex/latex/pgfopts\pgfopts.sty)
(C:\Users\nikka\AppData\Local\Programs\MiKTeX\tex/latex/tools\shellesc.sty))
(C:\Users\nikka\AppData\Local\Programs\MiKTeX\tex/latex/csquotes\csquotes.sty
(C:\Users\nikka\AppData\Local\Programs\MiKTeX\tex/latex/csquotes\csquotes.def)
(C:\Users\nikka\AppData\Local\Programs\MiKTeX\tex/latex/csquotes\csquotes.cfg))
) (diploma-predloga.aux
(C:\Users\nikka\AppData\Local\Programs\MiKTeX\tex/generic/babel/locale/en\babel
-english.tex))
(C:\Users\nikka\AppData\Local\Programs\MiKTeX\tex/latex/microtype\mt-cmr.cfg)
(C:\Users\nikka\AppData\Local\Programs\MiKTeX\tex/context/base/mkii\supp-pdf.mk
ii
[Loading MPS to PDF converter (version 2006.09.02).]
)
(C:\Users\nikka\AppData\Local\Programs\MiKTeX\tex/latex/epstopdf-pkg\epstopdf-b
ase.sty
(C:\Users\nikka\AppData\Local\Programs\MiKTeX\tex/latex/grfext\grfext.sty)
(C:\Users\nikka\AppData\Local\Programs\MiKTeX\tex/latex/00miktex\epstopdf-sys.c
fg))
(C:\Users\nikka\AppData\Local\Programs\MiKTeX\tex/latex/biblatex/lbx\american.l
bx
(C:\Users\nikka\AppData\Local\Programs\MiKTeX\tex/latex/biblatex/lbx\english.lb
x)
(C:\Users\nikka\AppData\Local\Programs\MiKTeX\tex/latex/biblatex/lbx\english.lb
x))
(C:\Users\nikka\AppData\Local\Programs\MiKTeX\tex/latex/biblatex/lbx\slovene.lb
x)
(C:\Users\nikka\AppData\Local\Programs\MiKTeX\tex/latex/biblatex/lbx\english.lb
x) (diploma-predloga.bbl)
(C:\Users\nikka\AppData\Local\Programs\MiKTeX\tex/latex/translations/dicts\tran
slations-basic-dictionary-english.trsl)<<sRGB.icc>>
(podporno/naslovnestrani.tex [1{C:/Users/nikka/AppData/Local/MiKTeX/fonts/map/p
dftex/pdftex.map}]Syntax Error (3617): Illegal character ')'
Syntax Error: Couldn't read xref table
Syntax Warning: PDF file is damaged - attempting to reconstruct xref table...
Syntax Error: Couldn't read xref table
Syntax Warning: PDF file is damaged - attempting to reconstruct xref table...
Syntax Error: Couldn't read xref table
Syntax Warning: PDF file is damaged - attempting to reconstruct xref table...

(C:\Users\nikka\AppData\Local\Programs\MiKTeX\tex/latex/amsfonts\umsa.fd)
(C:\Users\nikka\AppData\Local\Programs\MiKTeX\tex/latex/microtype\mt-msa.cfg)
(C:\Users\nikka\AppData\Local\Programs\MiKTeX\tex/latex/amsfonts\umsb.fd)
(C:\Users\nikka\AppData\Local\Programs\MiKTeX\tex/latex/microtype\mt-msb.cfg)
pdfTeX warning (ext4): destination with the same identifier (name{page.}) has b
een already used, duplicate ignored
<to be read again> 
                   \scan_stop: 
l.68 \clearemptydoublepage
                           [2 <./podporno/cc_cc_30.pdf> <./podporno/cc_by_30.pd
f

pdfTeX warning: pdflatex.exe (file ./podporno/cc_by_30.pdf): PDF inclusion: mul
tiple pdfs with page group included in a single page
> <./podporno/cc_sa_30.pdf

pdfTeX warning: pdflatex.exe (file ./podporno/cc_sa_30.pdf): PDF inclusion: mul
tiple pdfs with page group included in a single page
>]
Underfull \hbox (badness 10000) in paragraph at lines 77--83


pdfTeX warning (ext4): destination with the same identifier (name{page.}) has b
een already used, duplicate ignored
<to be read again> 
                   \scan_stop: 
l.100 \clearemptydoublepage
                            [3]
pdfTeX warning (ext4): destination with the same identifier (name{page.}) has b
een already used, duplicate ignored
<to be read again> 
                   \scan_stop: 
l.100 \clearemptydoublepage
                            [4]
pdfTeX warning (ext4): destination with the same identifier (name{page.}) has b
een already used, duplicate ignored
<to be read again> 
                   \scan_stop: 
l.109 \clearemptydoublepage
                            [5]
pdfTeX warning (ext4): destination with the same identifier (name{page.}) has b
een already used, duplicate ignored
<to be read again> 
                   \scan_stop: 
l.109 \clearemptydoublepage
                            [6] (diploma-predloga.toc
pdfTeX warning (ext4): destination with the same identifier (name{page.}) has b
een already used, duplicate ignored
<to be read again> 
                   \scan_stop: 
l.47 ...ine {chapter}{Literatura}{47}{chapter*.38}
                                                  % [7])
pdfTeX warning (ext4): destination with the same identifier (name{page.}) has b
een already used, duplicate ignored
<to be read again> 
                   \scan_stop: 
l.118 \clearemptydoublepage
                            [8]
Overfull \hbox (14.76207pt too wide) in paragraph at lines 135--137
\T1/cmr/bx/n/12 Klju£ne be-sede: \T1/cmr/m/n/12 sple-tna apli-ka-cija, av-to-mo
-bili, vre-dno-te-nje, Re-act, Express.js,

pdfTeX warning (ext4): destination with the same identifier (name{page.}) has b
een already used, duplicate ignored
<to be read again> 
                   \scan_stop: 
l.137 \clearemptydoublepage
                            [9]
pdfTeX warning (ext4): destination with the same identifier (name{page.}) has b
een already used, duplicate ignored
<to be read again> 
                   \scan_stop: 
l.137 \clearemptydoublepage
                            [10]
pdfTeX warning (ext4): destination with the same identifier (name{page.}) has b
een already used, duplicate ignored
<to be read again> 
                   \scan_stop: 
l.154 \newpage
               [11]
pdfTeX warning (ext4): destination with the same identifier (name{page.}) has b
een already used, duplicate ignored
<to be read again> 
                   \scan_stop: 
l.158 \clearemptydoublepage
                            [12])

LaTeX Warning: Reference `ch:metodologija' on page 1 undefined on input line 12
9.

[1] [2] [3] [4 <./slike/primer-avto-net.png>] [5 <./slike/primer-objave-avto-ne
t.png>]
Underfull \hbox (badness 3428) in paragraph at lines 218--218
[]|\T1/cmr/m/n/12 Evropa, naj-bolj

Underfull \hbox (badness 6961) in paragraph at lines 218--218
[]|\T1/cmr/m/n/12 Osnoven in-di-ka-

Underfull \hbox (badness 10000) in paragraph at lines 218--218
[]|\T1/cmr/m/n/12 Evropa--Nem£ija,

Underfull \hbox (badness 2035) in paragraph at lines 218--218
[]|\T1/cmr/m/n/12 Priporo£ilo cene

Underfull \hbox (badness 10000) in paragraph at lines 218--218
[]|\T1/cmr/m/n/12 Evropa--Nem£ija,

Underfull \hbox (badness 2158) in paragraph at lines 218--218
\T1/cmr/m/n/12 Slo-ve-nija, ’vica,

Underfull \hbox (badness 10000) in paragraph at lines 218--218
[]|\T1/cmr/m/n/12 Zelo na-tan£no

Underfull \hbox (badness 10000) in paragraph at lines 218--218
\T1/cmr/m/n/12 in po-drobno

Underfull \hbox (badness 2671) in paragraph at lines 218--218
\T1/cmr/m/n/12 po-ro-£ilo o ceni,

Underfull \hbox (badness 1635) in paragraph at lines 218--218
\T1/cmr/m/n/12 saj so-de-lu-jejo z

Underfull \hbox (badness 10000) in paragraph at lines 218--218
\T1/cmr/m/n/12 ²te-vilke po-i-²£e
[6 <./slike/primer-mobile-de.png>] [7] [8] [9] [10 <./slike/todo.png>] [11]
[12]
Underfull \hbox (badness 10000) in paragraph at lines 324--331

[13] [14 <./slike/use-case.png>] [15] [16 <./slike/arhitektura.png>]
Overfull \hbox (19.17621pt too wide) in paragraph at lines 412--412
[]\T1/cmr/bx/n/14.4 Predpomnjenje stre-ºni-²kega sta-nja s Tan-Stack Query 
[17] [18]
Underfull \hbox (badness 10000) in paragraph at lines 467--472

[19]
Underfull \hbox (badness 10000) in paragraph at lines 480--489


Underfull \hbox (badness 10000) in paragraph at lines 490--496

[20 <./slike/ErDiagramMain.png>]
Underfull \hbox (badness 10000) in paragraph at lines 506--514

[21]
Overfull \hbox (43.92282pt too wide) in paragraph at lines 525--540
\T1/cmr/m/n/12 ogla-sov, ki so ve-zani na ta-belo \T1/cmtt/m/n/12 RawMarketList
ing \T1/cmr/m/n/12 prek tu-jega klju£a \T1/cmtt/m/n/12 raw_listing_id\T1/cmr/m/
n/12 .
[22 <./slike/ErDiagramEvaluation.png>] [23]
(_55F9811064D628AD6F94DD8FFA30621C.config.minted)
(_minted/friendly.style.minted)
(_minted/9EBF1D48BB718BC84AF0D41EC2774446.highlight.minted) [24]
(_minted/E4779A03DF5F4F3A5E206C2B9E1D55E8.highlight.minted [25])
Underfull \hbox (badness 10000) in paragraph at lines 645--656

[26]
Underfull \hbox (badness 10000) in paragraph at lines 660--678

[27] (_minted/2D2CBEED59426B36784DF93A0117A238.highlight.minted) [28]
(_minted/6CE3C6D87E11620A2AD9084611D3D17D.highlight.minted) [29]
(_minted/3D03B7A77EB3C4EA20FD6FDFAF9574C6.highlight.minted) [30] [31]
(_minted/F2FBFF134874532CED79A3A7B024C6DB.highlight.minted) [32]
Overfull \hbox (65.6581pt too wide) in paragraph at lines 841--845
\T1/cmr/m/n/12 Prvi ko-rak al-go-ritma je po-i-zvedba SQL, ki iz ta-bele \T1/cm
tt/m/n/12 market.normalized_market_listing
[33] (_minted/81A443C7C22D65B5BAC03F4DB2629C29.highlight.minted) [34]
Overfull \hbox (3.5887pt too wide) in paragraph at lines 918--929
[]\T1/cmr/m/n/12 Uporaba ute-ºe-nega pov-pre-£ja na-me-sto na-va-dnega arit-me-
ti£-nega je klju£na:
[35]
Overfull \hbox (3.55794pt too wide) in paragraph at lines 955--989
\T1/cmr/m/n/12 Za vseb-ni-ki-za-cijo ra-zvoj-nega oko-lja smo upo-ra-bili orodj
e Doc-ker Com-pose [[][]15[][]],
[36] [37]
Overfull \hbox (2.12369pt too wide) in paragraph at lines 1000--1004
[]\T1/cmr/bx/n/12 Potek dela \T1/cmr/m/n/12 (angl. \T1/cmr/m/it/12 wor-kflow\T1
/cmr/m/n/12 ) je do-lo-£en v da-to-teki \T1/cmtt/m/n/12 .yml \T1/cmr/m/n/12 v m
api \T1/cmtt/m/n/12 .github
[38] [39 <./slike/ci-cd.png>] [40] [41] [42] [43] [44] [45] [46]

Package biblatex Warning: Split bibliography detected.
(biblatex)                Many simple split bibliography setups with
(biblatex)                non-overlapping bibliographies benefit from
(biblatex)                setting 'defernumbers=true'.
(biblatex)                See the documentation for details.
(biblatex)                This warning can be suppressed with
(biblatex)                '\BiblatexSplitbibDefernumbersWarningOff'.


Overfull \hbox (16.97412pt too wide) in paragraph at lines 1135--1135
\T1/cmr/m/n/12 pa-ra-me-tric Re-gres-sion^^P. V: \T1/cmr/m/it/12 The Ame-ri-can
 Sta-ti-sti-cian \T1/cmr/m/n/12 46.3 (1992), str. 175^^U
[47] [48]

Package biblatex Warning: Split bibliography detected.
(biblatex)                Many simple split bibliography setups with
(biblatex)                non-overlapping bibliographies benefit from
(biblatex)                setting 'defernumbers=true'.
(biblatex)                See the documentation for details.
(biblatex)                This warning can be suppressed with
(biblatex)                '\BiblatexSplitbibDefernumbersWarningOff'.


Overfull \hbox (4.49577pt too wide) in paragraph at lines 1141--1141
[]\T1/cmr/m/n/12 Niels Pro-vos in Da-vid Ma-zières. ^^R  A Future-Adaptable Pas
-sword Scheme^^P.
[49]

Package biblatex Warning: Split bibliography detected.
(biblatex)                Many simple split bibliography setups with
(biblatex)                non-overlapping bibliographies benefit from
(biblatex)                setting 'defernumbers=true'.
(biblatex)                See the documentation for details.
(biblatex)                This warning can be suppressed with
(biblatex)                '\BiblatexSplitbibDefernumbersWarningOff'.


Overfull \hbox (3.72275pt too wide) in paragraph at lines 1147--1147
[]\T1/cmr/m/n/12 Sequelize Con-tri-bu-tors. \T1/cmr/m/it/12 Seque-lize Do-cu-me
n-ta-tion\T1/cmr/m/n/12 . Do-sto-pano: ju-nij 2024.
[50]
Overfull \hbox (7.75374pt too wide) in paragraph at lines 1147--1147
\T1/cmtt/m/n/12 articles / continuousIntegration . html$[][]\T1/cmr/m/n/12 . Do
-sto-pano: 2026-08-01. 2006. 
[51]
Overfull \hbox (12.8271pt too wide) in paragraph at lines 1147--1147
\T1/cmr/m/it/12 Ideas Be-h-ind Re-li-a-ble, Sca-la-ble, and Ma-in-ta-in-a-ble S
y-stems\T1/cmr/m/n/12 . 1. izd. O'Reilly
[52]
Overfull \hbox (14.08875pt too wide) in paragraph at lines 1147--1147
[]\T1/cmr/m/n/12 RapidFuzz Con-tri-bu-tors. \T1/cmr/m/it/12 Ra-pi-dFuzz Do-cu-m
en-ta-tion\T1/cmr/m/n/12 . [][]$\T1/cmtt/m/n/12 https : / / rapidfuzz .
[53] [54] [55] [56] (_minted/3A6CFDBEDA27FF82AC2416CC3FF1D3D7.highlight.minted
[57]) (_minted/47B95D2C9C2FF0663C3C2B598B0697BE.highlight.minted [58]) [59]
(diploma-predloga.aux)

LaTeX Warning: There were undefined references.

 )
(see the transcript file for additional information) <C:\Users\nikka\AppData\Lo
cal\MiKTeX\fonts/pk/ljfour/jknappen/ec/dpi600\ecit1000.pk> <C:\Users\nikka\AppD
ata\Local\MiKTeX\fonts/pk/ljfour/jknappen/ec/dpi600\tctt1000.pk> <C:\Users\nikk
a\AppData\Local\MiKTeX\fonts/pk/ljfour/jknappen/ec/dpi600\ectt1000.pk> <C:\User
s\nikka\AppData\Local\MiKTeX\fonts/pk/ljfour/jknappen/ec/dpi600\ecrm0600.pk> <C
:\Users\nikka\AppData\Local\MiKTeX\fonts/pk/ljfour/jknappen/ec/dpi600\tcrm1200.
pk> <C:\Users\nikka\AppData\Local\MiKTeX\fonts/pk/ljfour/jknappen/ec/dpi600\ect
t1200.pk> <C:\Users\nikka\AppData\Local\MiKTeX\fonts/pk/ljfour/jknappen/ec/dpi6
00\ecbx1440.pk> <C:\Users\nikka\AppData\Local\MiKTeX\fonts/pk/ljfour/jknappen/e
c/dpi600\ecbx1728.pk> <C:\Users\nikka\AppData\Local\MiKTeX\fonts/pk/ljfour/jkna
ppen/ec/dpi600\ecsl1200.pk> <C:\Users\nikka\AppData\Local\MiKTeX\fonts/pk/ljfou
r/jknappen/ec/dpi600\ecbx2488.pk> <C:\Users\nikka\AppData\Local\MiKTeX\fonts/pk
/ljfour/jknappen/ec/dpi600\ecrm1200.pk> <C:\Users\nikka\AppData\Local\MiKTeX\fo
nts/pk/ljfour/jknappen/ec/dpi600\ecbx1200.pk> <C:\Users\nikka\AppData\Local\MiK
TeX\fonts/pk/ljfour/jknappen/ec/dpi600\ecti0800.pk> <C:\Users\nikka\AppData\Loc
al\MiKTeX\fonts/pk/ljfour/jknappen/ec/dpi600\ecti1200.pk> <C:\Users\nikka\AppDa
ta\Local\MiKTeX\fonts/pk/ljfour/jknappen/ec/dpi600\ectt1095.pk> <C:\Users\nikka
\AppData\Local\MiKTeX\fonts/pk/ljfour/jknappen/ec/dpi600\ecti1095.pk> <C:\Users
\nikka\AppData\Local\MiKTeX\fonts/pk/ljfour/jknappen/ec/dpi600\ecrm1095.pk> <C:
\Users\nikka\AppData\Local\MiKTeX\fonts/pk/ljfour/jknappen/ec/dpi600\ecrm1440.p
k> <C:\Users\nikka\AppData\Local\MiKTeX\fonts/pk/ljfour/jknappen/ec/dpi600\eccc
1200.pk> <C:\Users\nikka\AppData\Local\MiKTeX\fonts/pk/ljfour/jknappen/ec/dpi60
0\ecbx2074.pk> <C:\Users\nikka\AppData\Local\MiKTeX\fonts/pk/ljfour/jknappen/ec
/dpi600\ecrm1728.pk> <C:\Users\nikka\AppData\Local\MiKTeX\fonts/pk/ljfour/jknap
pen/ec/dpi600\eccc1440.pk><C:/Users/nikka/AppData/Local/Programs/MiKTeX/fonts/t
ype1/public/amsfonts/cm/cmex10.pfb><C:/Users/nikka/AppData/Local/Programs/MiKTe
X/fonts/type1/public/amsfonts/cm/cmmi12.pfb><C:/Users/nikka/AppData/Local/Progr
ams/MiKTeX/fonts/type1/public/amsfonts/cm/cmmi6.pfb><C:/Users/nikka/AppData/Loc
al/Programs/MiKTeX/fonts/type1/public/amsfonts/cm/cmmi8.pfb><C:/Users/nikka/App
Data/Local/Programs/MiKTeX/fonts/type1/public/amsfonts/cm/cmr12.pfb><C:/Users/n
ikka/AppData/Local/Programs/MiKTeX/fonts/type1/public/amsfonts/cm/cmsy10.pfb><C
:/Users/nikka/AppData/Local/Programs/MiKTeX/fonts/type1/public/amsfonts/cm/cmsy
6.pfb>
Output written on diploma-predloga.pdf (71 pages, 1521902 bytes).
Transcript written on diploma-predloga.log.
